type Fun(a) {
  Fun(fn(Maybe(a), Int, Int) -> Maybe(a))
}
