type Foo(a) {
  Bar(field1: String, field2: #(Int, String), field3: Maybe(a))
  Baz(field4: Float)
}
