pub type Maybe(a) {
  Just(a)
  Nothing()
}

pub type Maybe2(a) {
  Just2(a)
  Nothing2()
}

pub type Maybe3(a) {
  Just3(a)
  Nothing3()
}
