pub type FooBar(a) {
  Foo(Maybe(Int))
  Bar(Result(String, a))
  Qux(Int, String)
}
